// Jest Snapshot v1, https://goo.gl/fbAQLP

exports[`get-sdk-repos custom-config outputs the correct repositories 1`] = `"[{"channel":"","exclude-nuget-packages":"SomeExcludedPackage","include-nuget-packages":"SomeIncludedPackage","labels":"dependencies,.NET","quality":"","ref":"dotnet-vnext","repo":"martincostello/website","update-nuget-packages":false}]"`;

exports[`get-sdk-repos empty-custom-config outputs the correct repositories 1`] = `"[{"channel":"","exclude-nuget-packages":"","include-nuget-packages":"Microsoft.AspNetCore.,Microsoft.EntityFrameworkCore.,Microsoft.Extensions.,System.Text.Json","labels":"dependencies,.NET","quality":"","ref":"dotnet-vnext","repo":"martincostello/website","update-nuget-packages":true}]"`;

exports[`get-sdk-repos ignored outputs the correct repositories 1`] = `"[]"`;

exports[`get-sdk-repos multiple outputs the correct repositories 1`] = `"[{"channel":"","exclude-nuget-packages":"","include-nuget-packages":"Microsoft.AspNetCore.,Microsoft.EntityFrameworkCore.,Microsoft.Extensions.,System.Text.Json","labels":"dependencies,.NET","quality":"","ref":"dotnet-vnext","repo":"martincostello/adventofcode","update-nuget-packages":true},{"channel":"","exclude-nuget-packages":"","include-nuget-packages":"Microsoft.AspNetCore.,Microsoft.EntityFrameworkCore.,Microsoft.Extensions.,System.Text.Json","labels":"dependencies,.NET","quality":"","ref":"dotnet-vnext","repo":"martincostello/alexa-london-travel","update-nuget-packages":true},{"channel":"","exclude-nuget-packages":"","include-nuget-packages":"Microsoft.AspNetCore.,Microsoft.EntityFrameworkCore.,Microsoft.Extensions.,System.Text.Json","labels":"dependencies,.NET","quality":"","ref":"dotnet-vnext","repo":"martincostello/website","update-nuget-packages":true}]"`;

exports[`get-sdk-repos single outputs the correct repositories 1`] = `"[{"channel":"","exclude-nuget-packages":"","include-nuget-packages":"Microsoft.AspNetCore.,Microsoft.EntityFrameworkCore.,Microsoft.Extensions.,System.Text.Json","labels":"dependencies,.NET","quality":"","ref":"dotnet-vnext","repo":"martincostello/website","update-nuget-packages":true}]"`;
