// Jest Snapshot v1, https://jestjs.io/docs/snapshot-testing

exports[`getReposForCurrentUser when there are repositories for all returns the correct repositories 1`] = `
[
  {
    "default_branch": "main",
    "full_name": "org/name",
    "html_url": "https://github.com/org/name",
    "owner": "org",
    "repo": "name",
  },
  {
    "default_branch": "develop",
    "full_name": "org2/name2",
    "html_url": "https://github.com/org2/name2",
    "owner": "org2",
    "repo": "name2",
  },
  {
    "default_branch": "main",
    "full_name": "org3/name2",
    "html_url": "https://github.com/org3/name2",
    "owner": "org3",
    "repo": "name2",
  },
  {
    "default_branch": "main",
    "full_name": "org3/name3",
    "html_url": "https://github.com/org3/name3",
    "owner": "org3",
    "repo": "name3",
  },
  {
    "default_branch": "main",
    "full_name": "org3/name4",
    "html_url": "https://github.com/org3/name4",
    "owner": "org3",
    "repo": "name4",
  },
]
`;

exports[`getReposForCurrentUser when there are repositories for member returns the correct repositories 1`] = `
[
  {
    "default_branch": "main",
    "full_name": "org/name",
    "html_url": "https://github.com/org/name",
    "owner": "org",
    "repo": "name",
  },
  {
    "default_branch": "develop",
    "full_name": "org2/name2",
    "html_url": "https://github.com/org2/name2",
    "owner": "org2",
    "repo": "name2",
  },
  {
    "default_branch": "main",
    "full_name": "org3/name2",
    "html_url": "https://github.com/org3/name2",
    "owner": "org3",
    "repo": "name2",
  },
  {
    "default_branch": "main",
    "full_name": "org3/name3",
    "html_url": "https://github.com/org3/name3",
    "owner": "org3",
    "repo": "name3",
  },
  {
    "default_branch": "main",
    "full_name": "org3/name4",
    "html_url": "https://github.com/org3/name4",
    "owner": "org3",
    "repo": "name4",
  },
]
`;

exports[`getReposForCurrentUser when there are repositories for owner returns the correct repositories 1`] = `
[
  {
    "default_branch": "main",
    "full_name": "org/name",
    "html_url": "https://github.com/org/name",
    "owner": "org",
    "repo": "name",
  },
  {
    "default_branch": "develop",
    "full_name": "org2/name2",
    "html_url": "https://github.com/org2/name2",
    "owner": "org2",
    "repo": "name2",
  },
  {
    "default_branch": "main",
    "full_name": "org3/name2",
    "html_url": "https://github.com/org3/name2",
    "owner": "org3",
    "repo": "name2",
  },
  {
    "default_branch": "main",
    "full_name": "org3/name3",
    "html_url": "https://github.com/org3/name3",
    "owner": "org3",
    "repo": "name3",
  },
  {
    "default_branch": "main",
    "full_name": "org3/name4",
    "html_url": "https://github.com/org3/name4",
    "owner": "org3",
    "repo": "name4",
  },
]
`;
