// Jest Snapshot v1, https://goo.gl/fbAQLP

exports[`is-dotnet-change-available for dotnet/aspnetcore#50019 outputs the Markdown report 1`] = `"The changes from [dotnet/aspnetcore#50019](https://github.com/dotnet/aspnetcore/50019) are available in version \`9.0.100-alpha.1.23451.3\` of the .NET SDK."`;

exports[`is-dotnet-change-available for dotnet/aspnetcore#50019 the is-available output is correct 1`] = `"true"`;

exports[`is-dotnet-change-available for dotnet/efcore#31453 outputs the Markdown report 1`] = `"The changes from [dotnet/efcore#31453](https://github.com/dotnet/efcore/31453) are available in version \`9.0.100-alpha.1.23451.3\` of the .NET SDK."`;

exports[`is-dotnet-change-available for dotnet/efcore#31453 the is-available output is correct 1`] = `"true"`;

exports[`is-dotnet-change-available for dotnet/installer#17295 outputs the Markdown report 1`] = `"The changes from [dotnet/installer#17295](https://github.com/dotnet/installer/17295) are not yet available in a daily build of the .NET SDK."`;

exports[`is-dotnet-change-available for dotnet/installer#17295 the is-available output is correct 1`] = `"false"`;

exports[`is-dotnet-change-available for dotnet/runtime#90349 outputs the Markdown report 1`] = `"The changes from [dotnet/runtime#90349](https://github.com/dotnet/runtime/90349) are available in version \`9.0.100-alpha.1.23451.3\` of the .NET SDK."`;

exports[`is-dotnet-change-available for dotnet/runtime#90349 the is-available output is correct 1`] = `"true"`;

exports[`is-dotnet-change-available for dotnet/runtime#91218 outputs the Markdown report 1`] = `"The changes from [dotnet/runtime#91218](https://github.com/dotnet/runtime/91218) are available in version \`8.0.100-rc.2.23451.1\` of the .NET SDK."`;

exports[`is-dotnet-change-available for dotnet/runtime#91218 the is-available output is correct 1`] = `"true"`;

exports[`is-dotnet-change-available for dotnet/runtime#91359 outputs the Markdown report 1`] = `"The changes from [dotnet/runtime#91359](https://github.com/dotnet/runtime/91359) are not yet available in a daily build of the .NET SDK."`;

exports[`is-dotnet-change-available for dotnet/runtime#91359 the is-available output is correct 1`] = `"false"`;

exports[`is-dotnet-change-available for dotnet/sdk#35087 outputs the Markdown report 1`] = `"The changes from [dotnet/sdk#35087](https://github.com/dotnet/sdk/35087) are available in version \`8.0.100-rc.2.23451.1\` of the .NET SDK."`;

exports[`is-dotnet-change-available for dotnet/sdk#35087 the is-available output is correct 1`] = `"true"`;
