// Jest Snapshot v1, https://goo.gl/fbAQLP

exports[`get-rebase-repos force=false for repository "" outputs the correct repositories 1`] = `"["martincostello/adventofcode"]"`;

exports[`get-rebase-repos force=false for repository "martincostello/website" outputs the correct repositories 1`] = `"[]"`;

exports[`get-rebase-repos force=true for repository "" outputs the correct repositories 1`] = `"["martincostello/adventofcode","martincostello/website"]"`;

exports[`get-rebase-repos force=true for repository "martincostello/website" outputs the correct repositories 1`] = `"["martincostello/website"]"`;
